#
# ---------- header -----------------------------------------------------------
#
# project       kaneton
#
# license       kaneton
#
# file          /home/mycure/kaneton/test/tests.lst
#
# created       julien quintard   [tue jun 12 19:27:55 2007]
# updated       julien quintard   [tue jun 12 19:36:48 2007]
#

- test: Segment Reserve 01
  path: tests/kaneton/segment/reserve-01/
  symbol: test_segment_reserve_01
  category: [research, educational]
  description: Test the segment_reserve() functionality.
  result: |
    test_segment_reserve_01() ... done


# XXX Julian
#- manager: segment
#  category: reserve
#  number: !!str 01
## deduced by default from the 3 previous fields
## name: segment_reserve_01
## deduced by default from the 3 previous fields
## symbol: check_segment_reserve_01
#  description: Try to reserve a unique kaneton segment
#  apply_to: [students,kaneton]
#  source: kaneton/core/segment/reserve.c
#  result: |
#    Test check_segment_reserve_01
#    check_segment_reserve_01 done.

